.FFFFFF                                                                  [100%]
=================================== FAILURES ===================================
________ test_unique_line_siglum_has_explicit_unique_witness_resolution ________

tmp_path = PosixPath('/tmp/pytest-of-runner/pytest-0/test_unique_line_siglum_has_ex0')

    def test_unique_line_siglum_has_explicit_unique_witness_resolution(tmp_path):
        api = _build(
            tmp_path,
            '<AO:TxtPubl nr="€1">KBo 1.1</AO:TxtPubl>',
            ("€1",),
        )
        (line,) = api.F.otype.s("line")
        (frag,) = api.E.witness.f(line)
        resolution = _edge_values(api, "witness_resolution", line)
>       assert resolution == {frag: "unique"}
E       AssertionError: assert ((7, 'unique'),) == {7: 'unique'}
E         
E         Full diff:
E         - {
E         + (
E         +     (
E         +         7,
E         -     7: 'unique',
E         ?     ^^
E         +         'unique',
E         ?     ^^^
E         - }
E         +     ),
E         + )

programs/tests/test_manuscript_graph.py:79: AssertionError
__ test_duplicate_siglum_preserves_both_fragments_and_marks_ambiguous_witness __

tmp_path = PosixPath('/tmp/pytest-of-runner/pytest-0/test_duplicate_siglum_preserve0')

    def test_duplicate_siglum_preserves_both_fragments_and_marks_ambiguous_witness(tmp_path):
        api = _build(
            tmp_path,
            '<AO:TxtPubl nr="€1">KBo 1.1</AO:TxtPubl>'
            '<AO:TxtPubl nr="€1">KBo 1.1 duplicate</AO:TxtPubl>',
            ("€1",),
        )
        frags = api.F.otype.s("fragment")
        assert len(frags) == 2, "duplicate sigla must not overwrite entry occurrences"
        assert all(api.F.frag.v(n) == "€1" for n in frags)
        assert all(api.F.siglum_ambiguous.v(n) == 1 for n in frags)
    
        (line,) = api.F.otype.s("line")
        targets = set(api.E.witness.f(line))
        assert targets == set(frags)
        resolution = _edge_values(api, "witness_resolution", line)
>       assert resolution == {n: "ambiguous" for n in frags}
E       AssertionError: assert ((7, 'ambiguo... 'ambiguous')) == {7: 'ambiguou...: 'ambiguous'}
E         
E         Full diff:
E         - {
E         + (
E         +     (
E         +         7,
E         -     7: 'ambiguous',
E         ?     ^^
E         +         'ambiguous',
E         ?     ^^^
E         +     ),
E         +     (
E         +         8,
E         -     8: 'ambiguous',
E         ?     ^^
E         +         'ambiguous',
E         ?     ^^^
E         - }
E         +     ),
E         + )

programs/tests/test_manuscript_graph.py:98: AssertionError
_____ test_confident_direct_statement_has_ledger_endpoints_and_joined_edge _____

tmp_path = PosixPath('/tmp/pytest-of-runner/pytest-0/test_confident_direct_statemen0')

    def test_confident_direct_statement_has_ledger_endpoints_and_joined_edge(tmp_path):
        api = _build(
            tmp_path,
            '<AO:TxtPubl nr="€1">A</AO:TxtPubl>'
            '<AO:DirectJoin/>'
            '<AO:TxtPubl nr="€2">B</AO:TxtPubl>',
            ("€1", "€2"),
        )
        by_label = _fragments_by_label(api)
        a, b = by_label["A"], by_label["B"]
        (stmt,) = api.F.otype.s("joinstmt")
        assert api.F.join_kind.v(stmt) == "direct"
        assert api.F.join_encoding.v(stmt) == "xml"
        assert api.F.join_resolved.v(stmt) == 1
        assert set(api.E.joinLeft.f(stmt)) == {a}
        assert set(api.E.joinRight.f(stmt)) == {b}
        (doc,) = api.F.otype.s("document")
        assert set(api.E.joinDocument.f(stmt)) == {doc}
>       assert _edge_values(api, "joined", a) == {b: "direct"}
E       AssertionError: assert ((11, 'direct'),) == {11: 'direct'}
E         
E         Full diff:
E         - {
E         + (
E         +     (
E         +         11,
E         -     11: 'direct',
E         ?     ^^^
E         +         'direct',
E         ?     ^^^
E         - }
E         +     ),
E         + )

programs/tests/test_manuscript_graph.py:119: AssertionError
___ test_unresolved_targetless_statement_stays_queryable_without_joined_edge ___

tmp_path = PosixPath('/tmp/pytest-of-runner/pytest-0/test_unresolved_targetless_sta0')

    def test_unresolved_targetless_statement_stays_queryable_without_joined_edge(tmp_path):
        api = _build(
            tmp_path,
            '<AO:TxtPubl nr="€1">A</AO:TxtPubl> +',
            ("€1",),
        )
        (stmt,) = api.F.otype.s("joinstmt")
        assert api.F.join_kind.v(stmt) == "direct"
        assert api.F.join_raw.v(stmt) == "+"
        assert api.F.join_resolved.v(stmt) == 0
        (doc,) = api.F.otype.s("document")
        assert set(api.E.joinDocument.f(stmt)) == {doc}
>       assert not api.E.joinRight.f(stmt)
E       AttributeError: 'EdgeFeatures' object has no attribute 'joinRight'

programs/tests/test_manuscript_graph.py:134: AttributeError
_ test_joined_edges_preserve_source_order_without_reverse_or_transitive_edges __

tmp_path = PosixPath('/tmp/pytest-of-runner/pytest-0/test_joined_edges_preserve_sou0')

    def test_joined_edges_preserve_source_order_without_reverse_or_transitive_edges(tmp_path):
        api = _build(
            tmp_path,
            '<AO:TxtPubl nr="€1">A</AO:TxtPubl>'
            '<AO:DirectJoin/>'
            '<AO:TxtPubl nr="€2">B</AO:TxtPubl>'
            '<AO:DirectJoin/>'
            '<AO:TxtPubl nr="€3">C</AO:TxtPubl>',
            ("€1", "€2", "€3"),
        )
        n = _fragments_by_label(api)
>       assert _edge_values(api, "joined", n["A"]) == {n["B"]: "direct"}
E       AssertionError: assert ((14, 'direct'),) == {14: 'direct'}
E         
E         Full diff:
E         - {
E         + (
E         +     (
E         +         14,
E         -     14: 'direct',
E         ?     ^^^
E         +         'direct',
E         ?     ^^^
E         - }
E         +     ),
E         + )

programs/tests/test_manuscript_graph.py:150: AssertionError
_ test_duplicate_same_kind_statements_keep_two_ledger_nodes_but_one_joined_edge _

tmp_path = PosixPath('/tmp/pytest-of-runner/pytest-0/test_duplicate_same_kind_state0')

    def test_duplicate_same_kind_statements_keep_two_ledger_nodes_but_one_joined_edge(tmp_path):
        api = _build(
            tmp_path,
            '<AO:TxtPubl nr="€1">A</AO:TxtPubl> + '
            '<AO:DirectJoin/>'
            '<AO:TxtPubl nr="€2">B</AO:TxtPubl>',
            ("€1", "€2"),
        )
        n = _fragments_by_label(api)
        statements = api.F.otype.s("joinstmt")
        assert len(statements) == 2
        assert {api.F.join_encoding.v(s) for s in statements} == {"textual", "xml"}
        assert all(api.F.join_kind.v(s) == "direct" for s in statements)
>       assert _edge_values(api, "joined", n["A"]) == {n["B"]: "direct"}
E       AssertionError: assert ((11, 'direct'),) == {11: 'direct'}
E         
E         Full diff:
E         - {
E         + (
E         +     (
E         +         11,
E         -     11: 'direct',
E         ?     ^^^
E         +         'direct',
E         ?     ^^^
E         - }
E         +     ),
E         + )

programs/tests/test_manuscript_graph.py:170: AssertionError
=========================== short test summary info ============================
FAILED programs/tests/test_manuscript_graph.py::test_unique_line_siglum_has_explicit_unique_witness_resolution - AssertionError: assert ((7, 'unique'),) == {7: 'unique'}
  
  Full diff:
  - {
  + (
  +     (
  +         7,
  -     7: 'unique',
  ?     ^^
  +         'unique',
  ?     ^^^
  - }
  +     ),
  + )
FAILED programs/tests/test_manuscript_graph.py::test_duplicate_siglum_preserves_both_fragments_and_marks_ambiguous_witness - AssertionError: assert ((7, 'ambiguo... 'ambiguous')) == {7: 'ambiguou...: 'ambiguous'}
  
  Full diff:
  - {
  + (
  +     (
  +         7,
  -     7: 'ambiguous',
  ?     ^^
  +         'ambiguous',
  ?     ^^^
  +     ),
  +     (
  +         8,
  -     8: 'ambiguous',
  ?     ^^
  +         'ambiguous',
  ?     ^^^
  - }
  +     ),
  + )
FAILED programs/tests/test_manuscript_graph.py::test_confident_direct_statement_has_ledger_endpoints_and_joined_edge - AssertionError: assert ((11, 'direct'),) == {11: 'direct'}
  
  Full diff:
  - {
  + (
  +     (
  +         11,
  -     11: 'direct',
  ?     ^^^
  +         'direct',
  ?     ^^^
  - }
  +     ),
  + )
FAILED programs/tests/test_manuscript_graph.py::test_unresolved_targetless_statement_stays_queryable_without_joined_edge - AttributeError: 'EdgeFeatures' object has no attribute 'joinRight'
FAILED programs/tests/test_manuscript_graph.py::test_joined_edges_preserve_source_order_without_reverse_or_transitive_edges - AssertionError: assert ((14, 'direct'),) == {14: 'direct'}
  
  Full diff:
  - {
  + (
  +     (
  +         14,
  -     14: 'direct',
  ?     ^^^
  +         'direct',
  ?     ^^^
  - }
  +     ),
  + )
FAILED programs/tests/test_manuscript_graph.py::test_duplicate_same_kind_statements_keep_two_ledger_nodes_but_one_joined_edge - AssertionError: assert ((11, 'direct'),) == {11: 'direct'}
  
  Full diff:
  - {
  + (
  +     (
  +         11,
  -     11: 'direct',
  ?     ^^^
  +         'direct',
  ?     ^^^
  - }
  +     ),
  + )
6 failed, 1 passed in 0.47s
